---
http_interactions:
- request:
    method: post
    uri: https://ability-innovation-7335-dev-ed.scratch.my.salesforce.com/services/data/v58.0/sobjects/Product2
    body:
      encoding: UTF-8
      string: '{"Name":"Gold Subscription","IsActive":true,"Description":"Best subscription
        ever.","ProductCode":"EfxBsBKAsjaF0caCUQPWQYJ8h61G","SBQQ__SubscriptionPricing__c":"Fixed
        Price","SBQQ__SubscriptionType__c":"Renewable","SBQQ__SubscriptionTerm__c":1,"SBQQ__BillingFrequency__c":"Monthly"}'
    headers:
      User-Agent:
      - Faraday v2.4.0
      Content-Type:
      - application/json
      Authorization:
      - OAuth <SALESFORCE_ACCESS_TOKEN>
      Accept-Encoding:
      - gzip;q=1.0,deflate;q=0.6,identity;q=0.3
      Accept:
      - "*/*"
  response:
    status:
      code: 201
      message: Created
    headers:
      Date:
      - Tue, 01 Aug 2023 18:36:20 GMT
      Set-Cookie:
      - BrowserId=T0c-rjCaEe6NISPaolPCcw; domain=.salesforce.com; path=/; expires=Wed,
        31-Jul-2024 18:36:20 GMT; Max-Age=31536000
      - CookieConsentPolicy=0:1; path=/; expires=Wed, 31-Jul-2024 18:36:20 GMT; Max-Age=31536000
      - LSKey-c$CookieConsentPolicy=0:1; path=/; expires=Wed, 31-Jul-2024 18:36:20
        GMT; Max-Age=31536000
      Strict-Transport-Security:
      - max-age=63072000; includeSubDomains
      X-Content-Type-Options:
      - nosniff
      X-Xss-Protection:
      - 1; mode=block
      X-Robots-Tag:
      - none
      Cache-Control:
      - no-cache,must-revalidate,max-age=0,no-store,private
      Sforce-Limit-Info:
      - api-usage=6721/5000000
      Location:
      - "/services/data/v58.0/sobjects/Product2/01t7e000009AnKMAA0"
      Content-Type:
      - application/json;charset=UTF-8
      Vary:
      - Accept-Encoding
      Transfer-Encoding:
      - chunked
    body:
      encoding: ASCII-8BIT
      string: '{"id":"01t7e000009AnKMAA0","success":true,"errors":[]}'
  recorded_at: Tue, 01 Aug 2023 00:00:00 GMT
- request:
    method: get
    uri: https://ability-innovation-7335-dev-ed.scratch.my.salesforce.com/services/data/v58.0/query?q=Select%20Id%20from%20Pricebook2%20where%20IsStandard%20=%20true
    body:
      encoding: US-ASCII
      string: ''
    headers:
      User-Agent:
      - Faraday v2.4.0
      Authorization:
      - OAuth <SALESFORCE_ACCESS_TOKEN>
      Accept-Encoding:
      - gzip;q=1.0,deflate;q=0.6,identity;q=0.3
      Accept:
      - "*/*"
  response:
    status:
      code: 200
      message: OK
    headers:
      Date:
      - Tue, 01 Aug 2023 18:36:21 GMT
      Set-Cookie:
      - BrowserId=T6DQMjCaEe6BD7nYZTiwdQ; domain=.salesforce.com; path=/; expires=Wed,
        31-Jul-2024 18:36:21 GMT; Max-Age=31536000
      - CookieConsentPolicy=0:1; path=/; expires=Wed, 31-Jul-2024 18:36:21 GMT; Max-Age=31536000
      - LSKey-c$CookieConsentPolicy=0:1; path=/; expires=Wed, 31-Jul-2024 18:36:21
        GMT; Max-Age=31536000
      Strict-Transport-Security:
      - max-age=63072000; includeSubDomains
      X-Content-Type-Options:
      - nosniff
      X-Xss-Protection:
      - 1; mode=block
      X-Robots-Tag:
      - none
      Cache-Control:
      - no-cache,must-revalidate,max-age=0,no-store,private
      Sforce-Limit-Info:
      - api-usage=6722/5000000
      Content-Type:
      - application/json;charset=UTF-8
      Vary:
      - Accept-Encoding
      Transfer-Encoding:
      - chunked
    body:
      encoding: ASCII-8BIT
      string: '{"totalSize":1,"done":true,"records":[{"attributes":{"type":"Pricebook2","url":"/services/data/v58.0/sobjects/Pricebook2/01s7e000002eLFEAA2"},"Id":"01s7e000002eLFEAA2"}]}'
  recorded_at: Tue, 01 Aug 2023 00:00:00 GMT
- request:
    method: post
    uri: https://ability-innovation-7335-dev-ed.scratch.my.salesforce.com/services/data/v58.0/sobjects/PricebookEntry
    body:
      encoding: UTF-8
      string: '{"Pricebook2Id":"01s7e000002eLFEAA2","Product2Id":"01t7e000009AnKMAA0","IsActive":true,"UnitPrice":10.0,"UseStandardPrice":false}'
    headers:
      User-Agent:
      - Faraday v2.4.0
      Content-Type:
      - application/json
      Authorization:
      - OAuth <SALESFORCE_ACCESS_TOKEN>
      Accept-Encoding:
      - gzip;q=1.0,deflate;q=0.6,identity;q=0.3
      Accept:
      - "*/*"
  response:
    status:
      code: 201
      message: Created
    headers:
      Date:
      - Tue, 01 Aug 2023 18:36:21 GMT
      Set-Cookie:
      - BrowserId=T9uPNDCaEe6FfkeBuaLXIQ; domain=.salesforce.com; path=/; expires=Wed,
        31-Jul-2024 18:36:21 GMT; Max-Age=31536000
      - CookieConsentPolicy=0:1; path=/; expires=Wed, 31-Jul-2024 18:36:21 GMT; Max-Age=31536000
      - LSKey-c$CookieConsentPolicy=0:1; path=/; expires=Wed, 31-Jul-2024 18:36:21
        GMT; Max-Age=31536000
      Strict-Transport-Security:
      - max-age=63072000; includeSubDomains
      X-Content-Type-Options:
      - nosniff
      X-Xss-Protection:
      - 1; mode=block
      X-Robots-Tag:
      - none
      Cache-Control:
      - no-cache,must-revalidate,max-age=0,no-store,private
      Sforce-Limit-Info:
      - api-usage=6721/5000000
      Location:
      - "/services/data/v58.0/sobjects/PricebookEntry/01u7e00000Isi4pAAB"
      Content-Type:
      - application/json;charset=UTF-8
      Vary:
      - Accept-Encoding
      Transfer-Encoding:
      - chunked
    body:
      encoding: ASCII-8BIT
      string: '{"id":"01u7e00000Isi4pAAB","success":true,"errors":[]}'
  recorded_at: Tue, 01 Aug 2023 00:00:00 GMT
- request:
    method: get
    uri: https://ability-innovation-7335-dev-ed.scratch.my.salesforce.com/services/data/v58.0/sobjects/Product2/01t7e000009AnKMAA0
    body:
      encoding: US-ASCII
      string: ''
    headers:
      User-Agent:
      - Faraday v2.4.0
      Authorization:
      - OAuth <SALESFORCE_ACCESS_TOKEN>
      Accept-Encoding:
      - gzip;q=1.0,deflate;q=0.6,identity;q=0.3
      Accept:
      - "*/*"
  response:
    status:
      code: 200
      message: OK
    headers:
      Date:
      - Tue, 01 Aug 2023 18:36:22 GMT
      Set-Cookie:
      - BrowserId=UBv0HTCaEe6ZADeBgbAOng; domain=.salesforce.com; path=/; expires=Wed,
        31-Jul-2024 18:36:22 GMT; Max-Age=31536000
      - CookieConsentPolicy=0:1; path=/; expires=Wed, 31-Jul-2024 18:36:22 GMT; Max-Age=31536000
      - LSKey-c$CookieConsentPolicy=0:1; path=/; expires=Wed, 31-Jul-2024 18:36:22
        GMT; Max-Age=31536000
      Strict-Transport-Security:
      - max-age=63072000; includeSubDomains
      X-Content-Type-Options:
      - nosniff
      X-Xss-Protection:
      - 1; mode=block
      X-Robots-Tag:
      - none
      Cache-Control:
      - no-cache,must-revalidate,max-age=0,no-store,private
      Sforce-Limit-Info:
      - api-usage=6721/5000000
      Last-Modified:
      - Tue, 01 Aug 2023 18:36:21 GMT
      Content-Type:
      - application/json;charset=UTF-8
      Vary:
      - Accept-Encoding
      Transfer-Encoding:
      - chunked
    body:
      encoding: ASCII-8BIT
      string: '{"attributes":{"type":"Product2","url":"/services/data/v58.0/sobjects/Product2/01t7e000009AnKMAA0"},"Id":"01t7e000009AnKMAA0","Name":"Gold
        Subscription","ProductCode":"EfxBsBKAsjaF0caCUQPWQYJ8h61G","Description":"Best
        subscription ever.","IsActive":true,"CreatedDate":"2023-08-01T18:36:20.000+0000","CreatedById":"0057e00000VZBcyAAH","LastModifiedDate":"2023-08-01T18:36:20.000+0000","LastModifiedById":"0057e00000VZBcyAAH","SystemModstamp":"2023-08-01T18:36:21.000+0000","Family":null,"IsSerialized":false,"ExternalDataSourceId":null,"ExternalId":null,"DisplayUrl":null,"QuantityUnitOfMeasure":null,"IsDeleted":false,"IsArchived":false,"LastViewedDate":null,"LastReferencedDate":null,"StockKeepingUnit":null,"SBQQ__AssetAmendmentBehavior__c":"Default","SBQQ__AssetConversion__c":"One
        per quote line","SBQQ__BatchQuantity__c":null,"SBQQ__BillingFrequency__c":"Monthly","SBQQ__BillingType__c":null,"SBQQ__BlockPricingField__c":"Quantity","SBQQ__ChargeType__c":null,"SBQQ__Component__c":false,"SBQQ__CompoundDiscountRate__c":null,"SBQQ__ConfigurationFieldSet__c":null,"SBQQ__ConfigurationFields__c":null,"SBQQ__ConfigurationFormTitle__c":null,"SBQQ__ConfigurationType__c":null,"SBQQ__ConfigurationValidator__c":null,"SBQQ__ConfiguredCodePattern__c":null,"SBQQ__ConfiguredDescriptionPattern__c":null,"SBQQ__CostEditable__c":false,"SBQQ__CostSchedule__c":null,"SBQQ__CustomConfigurationPage__c":null,"SBQQ__CustomConfigurationRequired__c":false,"SBQQ__CustomerCommunityAvailability__c":null,"SBQQ__DefaultPricingTable__c":null,"SBQQ__DefaultQuantity__c":1.0,"SBQQ__DescriptionLocked__c":false,"SBQQ__DiscountCategory__c":null,"SBQQ__DiscountSchedule__c":null,"SBQQ__DynamicPricingConstraint__c":null,"SBQQ__EnableLargeConfiguration__c":false,"SBQQ__ExcludeFromMaintenance__c":false,"SBQQ__ExcludeFromOpportunity__c":false,"SBQQ__ExternallyConfigurable__c":false,"SBQQ__GenerateContractedPrice__c":null,"SBQQ__HasConfigurationAttributes__c":false,"SBQQ__HasConsumptionSchedule__c":false,"SBQQ__Hidden__c":false,"SBQQ__HidePriceInSearchResults__c":false,"SBQQ__IncludeInMaintenance__c":false,"SBQQ__NewQuoteGroup__c":false,"SBQQ__NonDiscountable__c":false,"SBQQ__NonPartnerDiscountable__c":false,"SBQQ__OptionLayout__c":null,"SBQQ__OptionSelectionMethod__c":"Click","SBQQ__Optional__c":false,"SBQQ__PriceEditable__c":false,"SBQQ__PricingGuidance__c":null,"SBQQ__PricingMethodEditable__c":false,"SBQQ__PricingMethod__c":"List","SBQQ__ProductPictureID__c":null,"SBQQ__QuantityEditable__c":true,"SBQQ__QuantityScale__c":null,"SBQQ__ReconfigurationDisabled__c":false,"SBQQ__RenewalProduct__c":null,"SBQQ__SortOrder__c":null,"SBQQ__Specifications__c":null,"SBQQ__SubscriptionBase__c":"List","SBQQ__SubscriptionCategory__c":null,"SBQQ__SubscriptionPercent__c":null,"SBQQ__SubscriptionPricing__c":"Fixed
        Price","SBQQ__SubscriptionTarget__c":null,"SBQQ__SubscriptionTerm__c":1.0,"SBQQ__SubscriptionType__c":"Renewable","SBQQ__TaxCode__c":null,"SBQQ__Taxable__c":false,"SBQQ__TermDiscountLevel__c":null,"SBQQ__TermDiscountSchedule__c":null,"SBQQ__UpgradeCredit__c":null,"SBQQ__UpgradeRatio__c":null,"SBQQ__UpgradeSource__c":null,"SBQQ__UpgradeTarget__c":null,"SBQQ__ConfigurationEvent__c":null,"Stripe_ID__c":null,"Stripe_Dashboard_Link__c":"https://dashboard.stripe.com/test/id/"}'
  recorded_at: Tue, 01 Aug 2023 00:00:00 GMT
- request:
    method: post
    uri: https://ability-innovation-7335-dev-ed.scratch.my.salesforce.com/services/apexrest/batchApi
    body:
      encoding: UTF-8
      string: '{"product2_ids":["01t7e000009AnKMAA0"]}'
    headers:
      User-Agent:
      - Faraday v2.4.0
      Content-Type:
      - application/json
      Authorization:
      - OAuth <SALESFORCE_ACCESS_TOKEN>
      Accept-Encoding:
      - gzip;q=1.0,deflate;q=0.6,identity;q=0.3
      Accept:
      - "*/*"
  response:
    status:
      code: 200
      message: OK
    headers:
      Date:
      - Tue, 01 Aug 2023 18:36:22 GMT
      Set-Cookie:
      - BrowserId=UFnAHTCaEe6dibfjHAp7ZA; domain=.salesforce.com; path=/; expires=Wed,
        31-Jul-2024 18:36:22 GMT; Max-Age=31536000
      - CookieConsentPolicy=0:1; path=/; expires=Wed, 31-Jul-2024 18:36:22 GMT; Max-Age=31536000
      - LSKey-c$CookieConsentPolicy=0:1; path=/; expires=Wed, 31-Jul-2024 18:36:22
        GMT; Max-Age=31536000
      Strict-Transport-Security:
      - max-age=63072000; includeSubDomains
      X-Content-Type-Options:
      - nosniff
      X-Xss-Protection:
      - 1; mode=block
      X-Robots-Tag:
      - none
      Cache-Control:
      - no-cache,must-revalidate,max-age=0,no-store,private
      Content-Type:
      - application/json
      Vary:
      - Accept-Encoding
      Transfer-Encoding:
      - chunked
    body:
      encoding: ASCII-8BIT
      string: '{"records":[{"PricebookEntries":["01t7e000009AnKMAA0"],"Stripe_Dashboard_Link__c":"https://dashboard.stripe.com/test/id/","SBQQ__Taxable__c":false,"SBQQ__SubscriptionType__c":"Renewable","SBQQ__SubscriptionTerm__c":1,"SBQQ__SubscriptionPricing__c":"Fixed
        Price","SBQQ__SubscriptionBase__c":"List","SBQQ__ReconfigurationDisabled__c":false,"SBQQ__QuantityEditable__c":true,"SBQQ__PricingMethod__c":"List","SBQQ__PricingMethodEditable__c":false,"SBQQ__PriceEditable__c":false,"SBQQ__Optional__c":false,"SBQQ__OptionSelectionMethod__c":"Click","SBQQ__NonPartnerDiscountable__c":false,"SBQQ__NonDiscountable__c":false,"SBQQ__NewQuoteGroup__c":false,"SBQQ__IncludeInMaintenance__c":false,"SBQQ__HidePriceInSearchResults__c":false,"SBQQ__Hidden__c":false,"SBQQ__HasConsumptionSchedule__c":false,"SBQQ__HasConfigurationAttributes__c":false,"SBQQ__ExternallyConfigurable__c":false,"SBQQ__ExcludeFromOpportunity__c":false,"SBQQ__ExcludeFromMaintenance__c":false,"SBQQ__EnableLargeConfiguration__c":false,"SBQQ__DescriptionLocked__c":false,"SBQQ__DefaultQuantity__c":1.00000,"SBQQ__CustomConfigurationRequired__c":false,"SBQQ__CostEditable__c":false,"SBQQ__Component__c":false,"SBQQ__BlockPricingField__c":"Quantity","SBQQ__BillingFrequency__c":"Monthly","SBQQ__AssetConversion__c":"One
        per quote line","SBQQ__AssetAmendmentBehavior__c":"Default","LastReferencedDate":"2023-08-01T18:36:22.000+0000","LastViewedDate":"2023-08-01T18:36:22.000+0000","IsArchived":false,"IsDeleted":false,"SystemModstamp":"2023-08-01T18:36:21.000+0000","LastModifiedById":"0057e00000VZBcyAAH","LastModifiedDate":"2023-08-01T18:36:20.000+0000","CreatedById":"0057e00000VZBcyAAH","CreatedDate":"2023-08-01T18:36:20.000+0000","IsActive":true,"Description":"Best
        subscription ever.","ProductCode":"EfxBsBKAsjaF0caCUQPWQYJ8h61G","Name":"Gold
        Subscription","Id":"01t7e000009AnKMAA0","attributes":{"url":"/services/data/v58.0/sobjects/Product2/01t7e000009AnKMAA0","type":"Product2"}},{"Stripe_Dashboard_Link__c":"https://dashboard.stripe.com/test/id/","IsArchived":false,"IsDeleted":false,"ProductCode":"EfxBsBKAsjaF0caCUQPWQYJ8h61G","SystemModstamp":"2023-08-01T18:36:21.000+0000","LastModifiedById":"0057e00000VZBcyAAH","LastModifiedDate":"2023-08-01T18:36:21.000+0000","CreatedById":"0057e00000VZBcyAAH","CreatedDate":"2023-08-01T18:36:21.000+0000","UseStandardPrice":false,"IsActive":true,"UnitPrice":10.00,"Product2Id":"01t7e000009AnKMAA0","Pricebook2Id":"01s7e000002eLFEAA2","Name":"Gold
        Subscription","Id":"01u7e00000Isi4pAAB","attributes":{"url":"/services/data/v58.0/sobjects/PricebookEntry/01u7e00000Isi4pAAB","type":"PricebookEntry"}}],"errors":[]}'
  recorded_at: Tue, 01 Aug 2023 00:00:00 GMT
- request:
    method: post
    uri: https://api.stripe.com/v1/products
    body:
      encoding: UTF-8
      string: name=Gold+Subscription&description=Best+subscription+ever.&metadata[salesforce_product2_id]=01t7e000009AnKMAA0&metadata[salesforce_product2_link]=https%3A%2F%2Fability-innoion-7335-dev-ed.scratch.my.salesforce.com%2F01t7e000009AnKMAA0&tax_code=txcd_99999999&shippable=true
    headers:
      User-Agent:
      - Stripe/v1 RubyBindings/7.1.0
      Authorization:
      - Bearer <STRIPE_API_KEY>
      Content-Type:
      - application/x-www-form-urlencoded
      Idempotency-Key:
      - 40c05922-38e7-47be-aa9c-7459278ee838
      Stripe-Version:
      - '2020-08-27'
      X-Stripe-Client-User-Agent:
      - '{"bindings_version":"7.1.0","lang":"ruby","lang_version":"2.7.6 p219 (2022-04-12)","platform":"arm64-darwin22","engine":"ruby","publisher":"stripe","uname":"Darwin
        st-rish2 22.5.0 Darwin Kernel Version 22.5.0: Thu Jun  8 22:22:20 PDT 2023;
        root:xnu-8796.121.3~7/RELEASE_ARM64_T6000 arm64","hostname":"st-rish2"}'
      Stripe-Account:
      - STRIPE_MERCHANT_ID
      Accept-Encoding:
      - gzip;q=1.0,deflate;q=0.6,identity;q=0.3
      Accept:
      - "*/*"
  response:
    status:
      code: 200
      message: OK
    headers:
      Server:
      - nginx
      Date:
      - Tue, 01 Aug 2023 18:36:23 GMT
      Content-Type:
      - application/json
      Content-Length:
      - '723'
      Connection:
      - keep-alive
      Access-Control-Allow-Credentials:
      - 'true'
      Access-Control-Allow-Methods:
      - GET, POST, HEAD, OPTIONS, DELETE
      Access-Control-Allow-Origin:
      - "*"
      Access-Control-Expose-Headers:
      - Request-Id, Stripe-Manage-Version, X-Stripe-External-Auth-Required, X-Stripe-Privileged-Session-Required
      Access-Control-Max-Age:
      - '300'
      Cache-Control:
      - no-cache, no-store
      Idempotency-Key:
      - 40c05922-38e7-47be-aa9c-7459278ee838
      Original-Request:
      - req_KOaGmGxBzec5dF
      Request-Id:
      - req_KOaGmGxBzec5dF
      Stripe-Account:
      - acct_15uapDIsgf92XbAO
      Stripe-Should-Retry:
      - 'false'
      Stripe-Version:
      - '2020-08-27'
      X-Stripe-Routing-Context-Priority-Tier:
      - api-testmode
      Strict-Transport-Security:
      - max-age=63072000; includeSubDomains; preload
    body:
      encoding: UTF-8
      string: |-
        {
          "id": "prod_ON7gxAVAQZqh96",
          "object": "product",
          "active": true,
          "attributes": [],
          "created": 1690914983,
          "default_price": null,
          "description": "Best subscription ever.",
          "identifiers": {},
          "images": [],
          "livemode": false,
          "metadata": {
            "salesforce_product2_id": "01t7e000009AnKMAA0",
            "salesforce_product2_link": "https://ability-innovation-7335-dev-ed.scratch.my.salesforce.com/01t7e000009AnKMAA0"
          },
          "name": "Gold Subscription",
          "package_dimensions": null,
          "product_class": null,
          "shippable": true,
          "sku": "gold-subscription-65",
          "statement_descriptor": null,
          "tax_code": "txcd_99999999",
          "type": "service",
          "unit_label": null,
          "updated": 1690914983,
          "url": null
        }
  recorded_at: Tue, 01 Aug 2023 00:00:00 GMT
- request:
    method: patch
    uri: https://ability-innovation-7335-dev-ed.scratch.my.salesforce.com/services/data/v58.0/sobjects/Product2/01t7e000009AnKMAA0
    body:
      encoding: UTF-8
      string: '{"Stripe_ID__c":"prod_ON7gxAVAQZqh96"}'
    headers:
      User-Agent:
      - Faraday v2.4.0
      Content-Type:
      - application/json
      Authorization:
      - OAuth <SALESFORCE_ACCESS_TOKEN>
      Accept-Encoding:
      - gzip;q=1.0,deflate;q=0.6,identity;q=0.3
      Accept:
      - "*/*"
  response:
    status:
      code: 204
      message: No Content
    headers:
      Date:
      - Tue, 01 Aug 2023 18:36:23 GMT
      Set-Cookie:
      - BrowserId=UPiYJDCaEe6BD7nYZTiwdQ; domain=.salesforce.com; path=/; expires=Wed,
        31-Jul-2024 18:36:23 GMT; Max-Age=31536000
      - CookieConsentPolicy=0:1; path=/; expires=Wed, 31-Jul-2024 18:36:23 GMT; Max-Age=31536000
      - LSKey-c$CookieConsentPolicy=0:1; path=/; expires=Wed, 31-Jul-2024 18:36:23
        GMT; Max-Age=31536000
      Strict-Transport-Security:
      - max-age=63072000; includeSubDomains
      X-Content-Type-Options:
      - nosniff
      X-Xss-Protection:
      - 1; mode=block
      Content-Security-Policy:
      - upgrade-insecure-requests
      X-Robots-Tag:
      - none
      Cache-Control:
      - no-cache,must-revalidate,max-age=0,no-store,private
      Sforce-Limit-Info:
      - api-usage=6723/5000000
    body:
      encoding: UTF-8
      string: ''
  recorded_at: Tue, 01 Aug 2023 00:00:00 GMT
- request:
    method: patch
    uri: https://ability-innovation-7335-dev-ed.scratch.my.salesforce.com/services/data/v58.0/sobjects/Sync_Record__c/Compound_ID__c/01t7e000009AnKMAA0-01t7e000009AnKMAA0
    body:
      encoding: UTF-8
      string: '{"Primary_Record_ID__c":"01t7e000009AnKMAA0","Primary_Object_Type__c":"Product2","Secondary_Record_ID__c":"01t7e000009AnKMAA0","Secondary_Object_Type__c":"Product2","Resolution_Message__c":"Sync
        Successful, created Stripe Product Object with ID: prod_ON7gxAVAQZqh96","Resolution_Status__c":"Success"}'
    headers:
      User-Agent:
      - Faraday v2.4.0
      Content-Type:
      - application/json
      Authorization:
      - OAuth <SALESFORCE_ACCESS_TOKEN>
      Accept-Encoding:
      - gzip;q=1.0,deflate;q=0.6,identity;q=0.3
      Accept:
      - "*/*"
  response:
    status:
      code: 201
      message: Created
    headers:
      Date:
      - Tue, 01 Aug 2023 18:36:24 GMT
      Set-Cookie:
      - BrowserId=UX5qDDCaEe6BD7nYZTiwdQ; domain=.salesforce.com; path=/; expires=Wed,
        31-Jul-2024 18:36:24 GMT; Max-Age=31536000
      - CookieConsentPolicy=0:1; path=/; expires=Wed, 31-Jul-2024 18:36:24 GMT; Max-Age=31536000
      - LSKey-c$CookieConsentPolicy=0:1; path=/; expires=Wed, 31-Jul-2024 18:36:24
        GMT; Max-Age=31536000
      Strict-Transport-Security:
      - max-age=63072000; includeSubDomains
      X-Content-Type-Options:
      - nosniff
      X-Xss-Protection:
      - 1; mode=block
      X-Robots-Tag:
      - none
      Cache-Control:
      - no-cache,must-revalidate,max-age=0,no-store,private
      Sforce-Limit-Info:
      - api-usage=6724/5000000
      Location:
      - "/services/data/v58.0/sobjects/Sync_Record__c/a1W7e000002GrK8EAK"
      Content-Type:
      - application/json;charset=UTF-8
      Transfer-Encoding:
      - chunked
    body:
      encoding: UTF-8
      string: '{"id":"a1W7e000002GrK8EAK","success":true,"errors":[],"created":true}'
  recorded_at: Tue, 01 Aug 2023 00:00:00 GMT
- request:
    method: get
    uri: https://ability-innovation-7335-dev-ed.scratch.my.salesforce.com/services/data/v58.0/sobjects/Product2/01t7e000009AnKMAA0
    body:
      encoding: US-ASCII
      string: ''
    headers:
      User-Agent:
      - Faraday v2.4.0
      Authorization:
      - OAuth <SALESFORCE_ACCESS_TOKEN>
      Accept-Encoding:
      - gzip;q=1.0,deflate;q=0.6,identity;q=0.3
      Accept:
      - "*/*"
  response:
    status:
      code: 200
      message: OK
    headers:
      Date:
      - Tue, 01 Aug 2023 18:36:24 GMT
      Set-Cookie:
      - BrowserId=UcOJ3zCaEe6tYEOIfUf4IA; domain=.salesforce.com; path=/; expires=Wed,
        31-Jul-2024 18:36:24 GMT; Max-Age=31536000
      - CookieConsentPolicy=0:1; path=/; expires=Wed, 31-Jul-2024 18:36:24 GMT; Max-Age=31536000
      - LSKey-c$CookieConsentPolicy=0:1; path=/; expires=Wed, 31-Jul-2024 18:36:24
        GMT; Max-Age=31536000
      Strict-Transport-Security:
      - max-age=63072000; includeSubDomains
      X-Content-Type-Options:
      - nosniff
      X-Xss-Protection:
      - 1; mode=block
      X-Robots-Tag:
      - none
      Cache-Control:
      - no-cache,must-revalidate,max-age=0,no-store,private
      Sforce-Limit-Info:
      - api-usage=6721/5000000
      Last-Modified:
      - Tue, 01 Aug 2023 18:36:23 GMT
      Content-Type:
      - application/json;charset=UTF-8
      Vary:
      - Accept-Encoding
      Transfer-Encoding:
      - chunked
    body:
      encoding: ASCII-8BIT
      string: '{"attributes":{"type":"Product2","url":"/services/data/v58.0/sobjects/Product2/01t7e000009AnKMAA0"},"Id":"01t7e000009AnKMAA0","Name":"Gold
        Subscription","ProductCode":"EfxBsBKAsjaF0caCUQPWQYJ8h61G","Description":"Best
        subscription ever.","IsActive":true,"CreatedDate":"2023-08-01T18:36:20.000+0000","CreatedById":"0057e00000VZBcyAAH","LastModifiedDate":"2023-08-01T18:36:23.000+0000","LastModifiedById":"0057e00000VZBcyAAH","SystemModstamp":"2023-08-01T18:36:23.000+0000","Family":null,"IsSerialized":false,"ExternalDataSourceId":null,"ExternalId":null,"DisplayUrl":null,"QuantityUnitOfMeasure":null,"IsDeleted":false,"IsArchived":false,"LastViewedDate":"2023-08-01T18:36:22.000+0000","LastReferencedDate":"2023-08-01T18:36:22.000+0000","StockKeepingUnit":null,"SBQQ__AssetAmendmentBehavior__c":"Default","SBQQ__AssetConversion__c":"One
        per quote line","SBQQ__BatchQuantity__c":null,"SBQQ__BillingFrequency__c":"Monthly","SBQQ__BillingType__c":null,"SBQQ__BlockPricingField__c":"Quantity","SBQQ__ChargeType__c":null,"SBQQ__Component__c":false,"SBQQ__CompoundDiscountRate__c":null,"SBQQ__ConfigurationFieldSet__c":null,"SBQQ__ConfigurationFields__c":null,"SBQQ__ConfigurationFormTitle__c":null,"SBQQ__ConfigurationType__c":null,"SBQQ__ConfigurationValidator__c":null,"SBQQ__ConfiguredCodePattern__c":null,"SBQQ__ConfiguredDescriptionPattern__c":null,"SBQQ__CostEditable__c":false,"SBQQ__CostSchedule__c":null,"SBQQ__CustomConfigurationPage__c":null,"SBQQ__CustomConfigurationRequired__c":false,"SBQQ__CustomerCommunityAvailability__c":null,"SBQQ__DefaultPricingTable__c":null,"SBQQ__DefaultQuantity__c":1.0,"SBQQ__DescriptionLocked__c":false,"SBQQ__DiscountCategory__c":null,"SBQQ__DiscountSchedule__c":null,"SBQQ__DynamicPricingConstraint__c":null,"SBQQ__EnableLargeConfiguration__c":false,"SBQQ__ExcludeFromMaintenance__c":false,"SBQQ__ExcludeFromOpportunity__c":false,"SBQQ__ExternallyConfigurable__c":false,"SBQQ__GenerateContractedPrice__c":null,"SBQQ__HasConfigurationAttributes__c":false,"SBQQ__HasConsumptionSchedule__c":false,"SBQQ__Hidden__c":false,"SBQQ__HidePriceInSearchResults__c":false,"SBQQ__IncludeInMaintenance__c":false,"SBQQ__NewQuoteGroup__c":false,"SBQQ__NonDiscountable__c":false,"SBQQ__NonPartnerDiscountable__c":false,"SBQQ__OptionLayout__c":null,"SBQQ__OptionSelectionMethod__c":"Click","SBQQ__Optional__c":false,"SBQQ__PriceEditable__c":false,"SBQQ__PricingGuidance__c":null,"SBQQ__PricingMethodEditable__c":false,"SBQQ__PricingMethod__c":"List","SBQQ__ProductPictureID__c":null,"SBQQ__QuantityEditable__c":true,"SBQQ__QuantityScale__c":null,"SBQQ__ReconfigurationDisabled__c":false,"SBQQ__RenewalProduct__c":null,"SBQQ__SortOrder__c":null,"SBQQ__Specifications__c":null,"SBQQ__SubscriptionBase__c":"List","SBQQ__SubscriptionCategory__c":null,"SBQQ__SubscriptionPercent__c":null,"SBQQ__SubscriptionPricing__c":"Fixed
        Price","SBQQ__SubscriptionTarget__c":null,"SBQQ__SubscriptionTerm__c":1.0,"SBQQ__SubscriptionType__c":"Renewable","SBQQ__TaxCode__c":null,"SBQQ__Taxable__c":false,"SBQQ__TermDiscountLevel__c":null,"SBQQ__TermDiscountSchedule__c":null,"SBQQ__UpgradeCredit__c":null,"SBQQ__UpgradeRatio__c":null,"SBQQ__UpgradeSource__c":null,"SBQQ__UpgradeTarget__c":null,"SBQQ__ConfigurationEvent__c":null,"Stripe_ID__c":"prod_ON7gxAVAQZqh96","Stripe_Dashboard_Link__c":"https://dashboard.stripe.com/test/id/prod_ON7gxAVAQZqh96"}'
  recorded_at: Tue, 01 Aug 2023 00:00:00 GMT
- request:
    method: get
    uri: https://api.stripe.com/v1/products/prod_ON7gxAVAQZqh96
    body:
      encoding: US-ASCII
      string: ''
    headers:
      User-Agent:
      - Stripe/v1 RubyBindings/7.1.0
      Authorization:
      - Bearer <STRIPE_API_KEY>
      Content-Type:
      - application/x-www-form-urlencoded
      X-Stripe-Client-Telemetry:
      - '{"last_request_metrics":{"request_id":"req_KOaGmGxBzec5dF","request_duration_ms":285}}'
      Stripe-Version:
      - '2020-08-27'
      X-Stripe-Client-User-Agent:
      - '{"bindings_version":"7.1.0","lang":"ruby","lang_version":"2.7.6 p219 (2022-04-12)","platform":"arm64-darwin22","engine":"ruby","publisher":"stripe","uname":"Darwin
        st-rish2 22.5.0 Darwin Kernel Version 22.5.0: Thu Jun  8 22:22:20 PDT 2023;
        root:xnu-8796.121.3~7/RELEASE_ARM64_T6000 arm64","hostname":"st-rish2"}'
      Stripe-Account:
      - STRIPE_MERCHANT_ID
      Accept-Encoding:
      - gzip;q=1.0,deflate;q=0.6,identity;q=0.3
      Accept:
      - "*/*"
  response:
    status:
      code: 200
      message: OK
    headers:
      Server:
      - nginx
      Date:
      - Tue, 01 Aug 2023 18:36:25 GMT
      Content-Type:
      - application/json
      Content-Length:
      - '723'
      Connection:
      - keep-alive
      Access-Control-Allow-Credentials:
      - 'true'
      Access-Control-Allow-Methods:
      - GET, POST, HEAD, OPTIONS, DELETE
      Access-Control-Allow-Origin:
      - "*"
      Access-Control-Expose-Headers:
      - Request-Id, Stripe-Manage-Version, X-Stripe-External-Auth-Required, X-Stripe-Privileged-Session-Required
      Access-Control-Max-Age:
      - '300'
      Cache-Control:
      - no-cache, no-store
      Request-Id:
      - req_tD1wzd2u3wRDCO
      Stripe-Account:
      - acct_15uapDIsgf92XbAO
      Stripe-Version:
      - '2020-08-27'
      X-Stripe-Routing-Context-Priority-Tier:
      - api-testmode
      Strict-Transport-Security:
      - max-age=63072000; includeSubDomains; preload
    body:
      encoding: UTF-8
      string: |-
        {
          "id": "prod_ON7gxAVAQZqh96",
          "object": "product",
          "active": true,
          "attributes": [],
          "created": 1690914983,
          "default_price": null,
          "description": "Best subscription ever.",
          "identifiers": {},
          "images": [],
          "livemode": false,
          "metadata": {
            "salesforce_product2_id": "01t7e000009AnKMAA0",
            "salesforce_product2_link": "https://ability-innovation-7335-dev-ed.scratch.my.salesforce.com/01t7e000009AnKMAA0"
          },
          "name": "Gold Subscription",
          "package_dimensions": null,
          "product_class": null,
          "shippable": true,
          "sku": "gold-subscription-65",
          "statement_descriptor": null,
          "tax_code": "txcd_99999999",
          "type": "service",
          "unit_label": null,
          "updated": 1690914983,
          "url": null
        }
  recorded_at: Tue, 01 Aug 2023 00:00:00 GMT
- request:
    method: patch
    uri: https://ability-innovation-7335-dev-ed.scratch.my.salesforce.com/services/data/v58.0/sobjects/Product2/01t7e000009AnKMAA0
    body:
      encoding: UTF-8
      string: '{"Name":"Gold Subscription 2"}'
    headers:
      User-Agent:
      - Faraday v2.4.0
      Content-Type:
      - application/json
      Authorization:
      - OAuth <SALESFORCE_ACCESS_TOKEN>
      Accept-Encoding:
      - gzip;q=1.0,deflate;q=0.6,identity;q=0.3
      Accept:
      - "*/*"
  response:
    status:
      code: 204
      message: No Content
    headers:
      Date:
      - Tue, 01 Aug 2023 18:36:25 GMT
      Set-Cookie:
      - BrowserId=Uid7kzCaEe6dibfjHAp7ZA; domain=.salesforce.com; path=/; expires=Wed,
        31-Jul-2024 18:36:25 GMT; Max-Age=31536000
      - CookieConsentPolicy=0:1; path=/; expires=Wed, 31-Jul-2024 18:36:25 GMT; Max-Age=31536000
      - LSKey-c$CookieConsentPolicy=0:1; path=/; expires=Wed, 31-Jul-2024 18:36:25
        GMT; Max-Age=31536000
      Strict-Transport-Security:
      - max-age=63072000; includeSubDomains
      X-Content-Type-Options:
      - nosniff
      X-Xss-Protection:
      - 1; mode=block
      Content-Security-Policy:
      - upgrade-insecure-requests
      X-Robots-Tag:
      - none
      Cache-Control:
      - no-cache,must-revalidate,max-age=0,no-store,private
      Sforce-Limit-Info:
      - api-usage=6722/5000000
    body:
      encoding: UTF-8
      string: ''
  recorded_at: Tue, 01 Aug 2023 00:00:00 GMT
- request:
    method: get
    uri: https://ability-innovation-7335-dev-ed.scratch.my.salesforce.com/services/data/v58.0/sobjects/Product2/01t7e000009AnKMAA0
    body:
      encoding: US-ASCII
      string: ''
    headers:
      User-Agent:
      - Faraday v2.4.0
      Authorization:
      - OAuth <SALESFORCE_ACCESS_TOKEN>
      Accept-Encoding:
      - gzip;q=1.0,deflate;q=0.6,identity;q=0.3
      Accept:
      - "*/*"
  response:
    status:
      code: 200
      message: OK
    headers:
      Date:
      - Tue, 01 Aug 2023 18:36:26 GMT
      Set-Cookie:
      - BrowserId=UnYQMTCaEe6ZADeBgbAOng; domain=.salesforce.com; path=/; expires=Wed,
        31-Jul-2024 18:36:26 GMT; Max-Age=31536000
      - CookieConsentPolicy=0:1; path=/; expires=Wed, 31-Jul-2024 18:36:26 GMT; Max-Age=31536000
      - LSKey-c$CookieConsentPolicy=0:1; path=/; expires=Wed, 31-Jul-2024 18:36:26
        GMT; Max-Age=31536000
      Strict-Transport-Security:
      - max-age=63072000; includeSubDomains
      X-Content-Type-Options:
      - nosniff
      X-Xss-Protection:
      - 1; mode=block
      X-Robots-Tag:
      - none
      Cache-Control:
      - no-cache,must-revalidate,max-age=0,no-store,private
      Sforce-Limit-Info:
      - api-usage=6722/5000000
      Last-Modified:
      - Tue, 01 Aug 2023 18:36:25 GMT
      Content-Type:
      - application/json;charset=UTF-8
      Vary:
      - Accept-Encoding
      Transfer-Encoding:
      - chunked
    body:
      encoding: ASCII-8BIT
      string: '{"attributes":{"type":"Product2","url":"/services/data/v58.0/sobjects/Product2/01t7e000009AnKMAA0"},"Id":"01t7e000009AnKMAA0","Name":"Gold
        Subscription 2","ProductCode":"EfxBsBKAsjaF0caCUQPWQYJ8h61G","Description":"Best
        subscription ever.","IsActive":true,"CreatedDate":"2023-08-01T18:36:20.000+0000","CreatedById":"0057e00000VZBcyAAH","LastModifiedDate":"2023-08-01T18:36:25.000+0000","LastModifiedById":"0057e00000VZBcyAAH","SystemModstamp":"2023-08-01T18:36:25.000+0000","Family":null,"IsSerialized":false,"ExternalDataSourceId":null,"ExternalId":null,"DisplayUrl":null,"QuantityUnitOfMeasure":null,"IsDeleted":false,"IsArchived":false,"LastViewedDate":"2023-08-01T18:36:25.000+0000","LastReferencedDate":"2023-08-01T18:36:25.000+0000","StockKeepingUnit":null,"SBQQ__AssetAmendmentBehavior__c":"Default","SBQQ__AssetConversion__c":"One
        per quote line","SBQQ__BatchQuantity__c":null,"SBQQ__BillingFrequency__c":"Monthly","SBQQ__BillingType__c":null,"SBQQ__BlockPricingField__c":"Quantity","SBQQ__ChargeType__c":null,"SBQQ__Component__c":false,"SBQQ__CompoundDiscountRate__c":null,"SBQQ__ConfigurationFieldSet__c":null,"SBQQ__ConfigurationFields__c":null,"SBQQ__ConfigurationFormTitle__c":null,"SBQQ__ConfigurationType__c":null,"SBQQ__ConfigurationValidator__c":null,"SBQQ__ConfiguredCodePattern__c":null,"SBQQ__ConfiguredDescriptionPattern__c":null,"SBQQ__CostEditable__c":false,"SBQQ__CostSchedule__c":null,"SBQQ__CustomConfigurationPage__c":null,"SBQQ__CustomConfigurationRequired__c":false,"SBQQ__CustomerCommunityAvailability__c":null,"SBQQ__DefaultPricingTable__c":null,"SBQQ__DefaultQuantity__c":1.0,"SBQQ__DescriptionLocked__c":false,"SBQQ__DiscountCategory__c":null,"SBQQ__DiscountSchedule__c":null,"SBQQ__DynamicPricingConstraint__c":null,"SBQQ__EnableLargeConfiguration__c":false,"SBQQ__ExcludeFromMaintenance__c":false,"SBQQ__ExcludeFromOpportunity__c":false,"SBQQ__ExternallyConfigurable__c":false,"SBQQ__GenerateContractedPrice__c":null,"SBQQ__HasConfigurationAttributes__c":false,"SBQQ__HasConsumptionSchedule__c":false,"SBQQ__Hidden__c":false,"SBQQ__HidePriceInSearchResults__c":false,"SBQQ__IncludeInMaintenance__c":false,"SBQQ__NewQuoteGroup__c":false,"SBQQ__NonDiscountable__c":false,"SBQQ__NonPartnerDiscountable__c":false,"SBQQ__OptionLayout__c":null,"SBQQ__OptionSelectionMethod__c":"Click","SBQQ__Optional__c":false,"SBQQ__PriceEditable__c":false,"SBQQ__PricingGuidance__c":null,"SBQQ__PricingMethodEditable__c":false,"SBQQ__PricingMethod__c":"List","SBQQ__ProductPictureID__c":null,"SBQQ__QuantityEditable__c":true,"SBQQ__QuantityScale__c":null,"SBQQ__ReconfigurationDisabled__c":false,"SBQQ__RenewalProduct__c":null,"SBQQ__SortOrder__c":null,"SBQQ__Specifications__c":null,"SBQQ__SubscriptionBase__c":"List","SBQQ__SubscriptionCategory__c":null,"SBQQ__SubscriptionPercent__c":null,"SBQQ__SubscriptionPricing__c":"Fixed
        Price","SBQQ__SubscriptionTarget__c":null,"SBQQ__SubscriptionTerm__c":1.0,"SBQQ__SubscriptionType__c":"Renewable","SBQQ__TaxCode__c":null,"SBQQ__Taxable__c":false,"SBQQ__TermDiscountLevel__c":null,"SBQQ__TermDiscountSchedule__c":null,"SBQQ__UpgradeCredit__c":null,"SBQQ__UpgradeRatio__c":null,"SBQQ__UpgradeSource__c":null,"SBQQ__UpgradeTarget__c":null,"SBQQ__ConfigurationEvent__c":null,"Stripe_ID__c":"prod_ON7gxAVAQZqh96","Stripe_Dashboard_Link__c":"https://dashboard.stripe.com/test/id/prod_ON7gxAVAQZqh96"}'
  recorded_at: Tue, 01 Aug 2023 00:00:00 GMT
- request:
    method: get
    uri: https://ability-innovation-7335-dev-ed.scratch.my.salesforce.com/services/data/v58.0/sobjects/Product2/01t7e000009AnKMAA0
    body:
      encoding: US-ASCII
      string: ''
    headers:
      User-Agent:
      - Faraday v2.4.0
      Authorization:
      - OAuth <SALESFORCE_ACCESS_TOKEN>
      Accept-Encoding:
      - gzip;q=1.0,deflate;q=0.6,identity;q=0.3
      Accept:
      - "*/*"
  response:
    status:
      code: 200
      message: OK
    headers:
      Date:
      - Tue, 01 Aug 2023 18:36:26 GMT
      Set-Cookie:
      - BrowserId=UrO2PzCaEe6aP6F4JRfW4Q; domain=.salesforce.com; path=/; expires=Wed,
        31-Jul-2024 18:36:26 GMT; Max-Age=31536000
      - CookieConsentPolicy=0:1; path=/; expires=Wed, 31-Jul-2024 18:36:26 GMT; Max-Age=31536000
      - LSKey-c$CookieConsentPolicy=0:1; path=/; expires=Wed, 31-Jul-2024 18:36:26
        GMT; Max-Age=31536000
      Strict-Transport-Security:
      - max-age=63072000; includeSubDomains
      X-Content-Type-Options:
      - nosniff
      X-Xss-Protection:
      - 1; mode=block
      X-Robots-Tag:
      - none
      Cache-Control:
      - no-cache,must-revalidate,max-age=0,no-store,private
      Sforce-Limit-Info:
      - api-usage=6721/5000000
      Last-Modified:
      - Tue, 01 Aug 2023 18:36:25 GMT
      Content-Type:
      - application/json;charset=UTF-8
      Vary:
      - Accept-Encoding
      Transfer-Encoding:
      - chunked
    body:
      encoding: ASCII-8BIT
      string: '{"attributes":{"type":"Product2","url":"/services/data/v58.0/sobjects/Product2/01t7e000009AnKMAA0"},"Id":"01t7e000009AnKMAA0","Name":"Gold
        Subscription 2","ProductCode":"EfxBsBKAsjaF0caCUQPWQYJ8h61G","Description":"Best
        subscription ever.","IsActive":true,"CreatedDate":"2023-08-01T18:36:20.000+0000","CreatedById":"0057e00000VZBcyAAH","LastModifiedDate":"2023-08-01T18:36:25.000+0000","LastModifiedById":"0057e00000VZBcyAAH","SystemModstamp":"2023-08-01T18:36:25.000+0000","Family":null,"IsSerialized":false,"ExternalDataSourceId":null,"ExternalId":null,"DisplayUrl":null,"QuantityUnitOfMeasure":null,"IsDeleted":false,"IsArchived":false,"LastViewedDate":"2023-08-01T18:36:26.000+0000","LastReferencedDate":"2023-08-01T18:36:26.000+0000","StockKeepingUnit":null,"SBQQ__AssetAmendmentBehavior__c":"Default","SBQQ__AssetConversion__c":"One
        per quote line","SBQQ__BatchQuantity__c":null,"SBQQ__BillingFrequency__c":"Monthly","SBQQ__BillingType__c":null,"SBQQ__BlockPricingField__c":"Quantity","SBQQ__ChargeType__c":null,"SBQQ__Component__c":false,"SBQQ__CompoundDiscountRate__c":null,"SBQQ__ConfigurationFieldSet__c":null,"SBQQ__ConfigurationFields__c":null,"SBQQ__ConfigurationFormTitle__c":null,"SBQQ__ConfigurationType__c":null,"SBQQ__ConfigurationValidator__c":null,"SBQQ__ConfiguredCodePattern__c":null,"SBQQ__ConfiguredDescriptionPattern__c":null,"SBQQ__CostEditable__c":false,"SBQQ__CostSchedule__c":null,"SBQQ__CustomConfigurationPage__c":null,"SBQQ__CustomConfigurationRequired__c":false,"SBQQ__CustomerCommunityAvailability__c":null,"SBQQ__DefaultPricingTable__c":null,"SBQQ__DefaultQuantity__c":1.0,"SBQQ__DescriptionLocked__c":false,"SBQQ__DiscountCategory__c":null,"SBQQ__DiscountSchedule__c":null,"SBQQ__DynamicPricingConstraint__c":null,"SBQQ__EnableLargeConfiguration__c":false,"SBQQ__ExcludeFromMaintenance__c":false,"SBQQ__ExcludeFromOpportunity__c":false,"SBQQ__ExternallyConfigurable__c":false,"SBQQ__GenerateContractedPrice__c":null,"SBQQ__HasConfigurationAttributes__c":false,"SBQQ__HasConsumptionSchedule__c":false,"SBQQ__Hidden__c":false,"SBQQ__HidePriceInSearchResults__c":false,"SBQQ__IncludeInMaintenance__c":false,"SBQQ__NewQuoteGroup__c":false,"SBQQ__NonDiscountable__c":false,"SBQQ__NonPartnerDiscountable__c":false,"SBQQ__OptionLayout__c":null,"SBQQ__OptionSelectionMethod__c":"Click","SBQQ__Optional__c":false,"SBQQ__PriceEditable__c":false,"SBQQ__PricingGuidance__c":null,"SBQQ__PricingMethodEditable__c":false,"SBQQ__PricingMethod__c":"List","SBQQ__ProductPictureID__c":null,"SBQQ__QuantityEditable__c":true,"SBQQ__QuantityScale__c":null,"SBQQ__ReconfigurationDisabled__c":false,"SBQQ__RenewalProduct__c":null,"SBQQ__SortOrder__c":null,"SBQQ__Specifications__c":null,"SBQQ__SubscriptionBase__c":"List","SBQQ__SubscriptionCategory__c":null,"SBQQ__SubscriptionPercent__c":null,"SBQQ__SubscriptionPricing__c":"Fixed
        Price","SBQQ__SubscriptionTarget__c":null,"SBQQ__SubscriptionTerm__c":1.0,"SBQQ__SubscriptionType__c":"Renewable","SBQQ__TaxCode__c":null,"SBQQ__Taxable__c":false,"SBQQ__TermDiscountLevel__c":null,"SBQQ__TermDiscountSchedule__c":null,"SBQQ__UpgradeCredit__c":null,"SBQQ__UpgradeRatio__c":null,"SBQQ__UpgradeSource__c":null,"SBQQ__UpgradeTarget__c":null,"SBQQ__ConfigurationEvent__c":null,"Stripe_ID__c":"prod_ON7gxAVAQZqh96","Stripe_Dashboard_Link__c":"https://dashboard.stripe.com/test/id/prod_ON7gxAVAQZqh96"}'
  recorded_at: Tue, 01 Aug 2023 00:00:00 GMT
- request:
    method: post
    uri: https://ability-innovation-7335-dev-ed.scratch.my.salesforce.com/services/apexrest/batchApi
    body:
      encoding: UTF-8
      string: '{"product2_ids":["01t7e000009AnKMAA0"]}'
    headers:
      User-Agent:
      - Faraday v2.4.0
      Content-Type:
      - application/json
      Authorization:
      - OAuth <SALESFORCE_ACCESS_TOKEN>
      Accept-Encoding:
      - gzip;q=1.0,deflate;q=0.6,identity;q=0.3
      Accept:
      - "*/*"
  response:
    status:
      code: 200
      message: OK
    headers:
      Date:
      - Tue, 01 Aug 2023 18:36:26 GMT
      Set-Cookie:
      - BrowserId=Uu9e8TCaEe6tYEOIfUf4IA; domain=.salesforce.com; path=/; expires=Wed,
        31-Jul-2024 18:36:26 GMT; Max-Age=31536000
      - CookieConsentPolicy=0:1; path=/; expires=Wed, 31-Jul-2024 18:36:26 GMT; Max-Age=31536000
      - LSKey-c$CookieConsentPolicy=0:1; path=/; expires=Wed, 31-Jul-2024 18:36:26
        GMT; Max-Age=31536000
      Strict-Transport-Security:
      - max-age=63072000; includeSubDomains
      X-Content-Type-Options:
      - nosniff
      X-Xss-Protection:
      - 1; mode=block
      X-Robots-Tag:
      - none
      Cache-Control:
      - no-cache,must-revalidate,max-age=0,no-store,private
      Content-Type:
      - application/json
      Vary:
      - Accept-Encoding
      Transfer-Encoding:
      - chunked
    body:
      encoding: ASCII-8BIT
      string: '{"records":[{"PricebookEntries":["01t7e000009AnKMAA0"],"Stripe_Dashboard_Link__c":"https://dashboard.stripe.com/test/id/prod_ON7gxAVAQZqh96","Stripe_ID__c":"prod_ON7gxAVAQZqh96","SBQQ__Taxable__c":false,"SBQQ__SubscriptionType__c":"Renewable","SBQQ__SubscriptionTerm__c":1,"SBQQ__SubscriptionPricing__c":"Fixed
        Price","SBQQ__SubscriptionBase__c":"List","SBQQ__ReconfigurationDisabled__c":false,"SBQQ__QuantityEditable__c":true,"SBQQ__PricingMethod__c":"List","SBQQ__PricingMethodEditable__c":false,"SBQQ__PriceEditable__c":false,"SBQQ__Optional__c":false,"SBQQ__OptionSelectionMethod__c":"Click","SBQQ__NonPartnerDiscountable__c":false,"SBQQ__NonDiscountable__c":false,"SBQQ__NewQuoteGroup__c":false,"SBQQ__IncludeInMaintenance__c":false,"SBQQ__HidePriceInSearchResults__c":false,"SBQQ__Hidden__c":false,"SBQQ__HasConsumptionSchedule__c":false,"SBQQ__HasConfigurationAttributes__c":false,"SBQQ__ExternallyConfigurable__c":false,"SBQQ__ExcludeFromOpportunity__c":false,"SBQQ__ExcludeFromMaintenance__c":false,"SBQQ__EnableLargeConfiguration__c":false,"SBQQ__DescriptionLocked__c":false,"SBQQ__DefaultQuantity__c":1.00000,"SBQQ__CustomConfigurationRequired__c":false,"SBQQ__CostEditable__c":false,"SBQQ__Component__c":false,"SBQQ__BlockPricingField__c":"Quantity","SBQQ__BillingFrequency__c":"Monthly","SBQQ__AssetConversion__c":"One
        per quote line","SBQQ__AssetAmendmentBehavior__c":"Default","LastReferencedDate":"2023-08-01T18:36:26.000+0000","LastViewedDate":"2023-08-01T18:36:26.000+0000","IsArchived":false,"IsDeleted":false,"SystemModstamp":"2023-08-01T18:36:25.000+0000","LastModifiedById":"0057e00000VZBcyAAH","LastModifiedDate":"2023-08-01T18:36:25.000+0000","CreatedById":"0057e00000VZBcyAAH","CreatedDate":"2023-08-01T18:36:20.000+0000","IsActive":true,"Description":"Best
        subscription ever.","ProductCode":"EfxBsBKAsjaF0caCUQPWQYJ8h61G","Name":"Gold
        Subscription 2","Id":"01t7e000009AnKMAA0","attributes":{"url":"/services/data/v58.0/sobjects/Product2/01t7e000009AnKMAA0","type":"Product2"}},{"Stripe_Dashboard_Link__c":"https://dashboard.stripe.com/test/id/","IsArchived":false,"IsDeleted":false,"ProductCode":"EfxBsBKAsjaF0caCUQPWQYJ8h61G","SystemModstamp":"2023-08-01T18:36:25.000+0000","LastModifiedById":"0057e00000VZBcyAAH","LastModifiedDate":"2023-08-01T18:36:21.000+0000","CreatedById":"0057e00000VZBcyAAH","CreatedDate":"2023-08-01T18:36:21.000+0000","UseStandardPrice":false,"IsActive":true,"UnitPrice":10.00,"Product2Id":"01t7e000009AnKMAA0","Pricebook2Id":"01s7e000002eLFEAA2","Name":"Gold
        Subscription 2","Id":"01u7e00000Isi4pAAB","attributes":{"url":"/services/data/v58.0/sobjects/PricebookEntry/01u7e00000Isi4pAAB","type":"PricebookEntry"}}],"errors":[]}'
  recorded_at: Tue, 01 Aug 2023 00:00:00 GMT
- request:
    method: get
    uri: https://api.stripe.com/v1/products/prod_ON7gxAVAQZqh96
    body:
      encoding: US-ASCII
      string: ''
    headers:
      User-Agent:
      - Stripe/v1 RubyBindings/7.1.0
      Authorization:
      - Bearer <STRIPE_API_KEY>
      Content-Type:
      - application/x-www-form-urlencoded
      X-Stripe-Client-Telemetry:
      - '{"last_request_metrics":{"request_id":"req_tD1wzd2u3wRDCO","request_duration_ms":200}}'
      Stripe-Version:
      - '2020-08-27'
      X-Stripe-Client-User-Agent:
      - '{"bindings_version":"7.1.0","lang":"ruby","lang_version":"2.7.6 p219 (2022-04-12)","platform":"arm64-darwin22","engine":"ruby","publisher":"stripe","uname":"Darwin
        st-rish2 22.5.0 Darwin Kernel Version 22.5.0: Thu Jun  8 22:22:20 PDT 2023;
        root:xnu-8796.121.3~7/RELEASE_ARM64_T6000 arm64","hostname":"st-rish2"}'
      Stripe-Account:
      - STRIPE_MERCHANT_ID
      Accept-Encoding:
      - gzip;q=1.0,deflate;q=0.6,identity;q=0.3
      Accept:
      - "*/*"
  response:
    status:
      code: 200
      message: OK
    headers:
      Server:
      - nginx
      Date:
      - Tue, 01 Aug 2023 18:36:27 GMT
      Content-Type:
      - application/json
      Content-Length:
      - '723'
      Connection:
      - keep-alive
      Access-Control-Allow-Credentials:
      - 'true'
      Access-Control-Allow-Methods:
      - GET, POST, HEAD, OPTIONS, DELETE
      Access-Control-Allow-Origin:
      - "*"
      Access-Control-Expose-Headers:
      - Request-Id, Stripe-Manage-Version, X-Stripe-External-Auth-Required, X-Stripe-Privileged-Session-Required
      Access-Control-Max-Age:
      - '300'
      Cache-Control:
      - no-cache, no-store
      Request-Id:
      - req_yYzf7hAZVOtgUO
      Stripe-Account:
      - acct_15uapDIsgf92XbAO
      Stripe-Version:
      - '2020-08-27'
      X-Stripe-Routing-Context-Priority-Tier:
      - api-testmode
      Strict-Transport-Security:
      - max-age=63072000; includeSubDomains; preload
    body:
      encoding: UTF-8
      string: |-
        {
          "id": "prod_ON7gxAVAQZqh96",
          "object": "product",
          "active": true,
          "attributes": [],
          "created": 1690914983,
          "default_price": null,
          "description": "Best subscription ever.",
          "identifiers": {},
          "images": [],
          "livemode": false,
          "metadata": {
            "salesforce_product2_id": "01t7e000009AnKMAA0",
            "salesforce_product2_link": "https://ability-innovation-7335-dev-ed.scratch.my.salesforce.com/01t7e000009AnKMAA0"
          },
          "name": "Gold Subscription",
          "package_dimensions": null,
          "product_class": null,
          "shippable": true,
          "sku": "gold-subscription-65",
          "statement_descriptor": null,
          "tax_code": "txcd_99999999",
          "type": "service",
          "unit_label": null,
          "updated": 1690914983,
          "url": null
        }
  recorded_at: Tue, 01 Aug 2023 00:00:00 GMT
- request:
    method: post
    uri: https://api.stripe.com/v1/products/prod_ON7gxAVAQZqh96
    body:
      encoding: UTF-8
      string: name=Gold+Subscription+2&description=Best+subscription+ever.&metadata[salesforce_product2_id]=01t7e000009AnKMAA0&metadata[salesforce_product2_link]=https%3A%2F%2Fqapackagetest2-dev-ed.develop.my.salesforce.com%2F01t7e000009AnKMAA0&metadata[metadata_key_1]=metadata_value_1&statement_descriptor=Gold+Sub
    headers:
      User-Agent:
      - Stripe/v1 RubyBindings/7.1.0
      Authorization:
      - Bearer <STRIPE_API_KEY>
      Content-Type:
      - application/x-www-form-urlencoded
      X-Stripe-Client-Telemetry:
      - '{"last_request_metrics":{"request_id":"req_yYzf7hAZVOtgUO","request_duration_ms":178}}'
      Idempotency-Key:
      - 0ca9e8ce-5594-4d84-a3df-957377a4714b
      Stripe-Version:
      - '2020-08-27'
      X-Stripe-Client-User-Agent:
      - '{"bindings_version":"7.1.0","lang":"ruby","lang_version":"2.7.6 p219 (2022-04-12)","platform":"arm64-darwin22","engine":"ruby","publisher":"stripe","uname":"Darwin
        st-rish2 22.5.0 Darwin Kernel Version 22.5.0: Thu Jun  8 22:22:20 PDT 2023;
        root:xnu-8796.121.3~7/RELEASE_ARM64_T6000 arm64","hostname":"st-rish2"}'
      Stripe-Account:
      - STRIPE_MERCHANT_ID
      Accept-Encoding:
      - gzip;q=1.0,deflate;q=0.6,identity;q=0.3
      Accept:
      - "*/*"
  response:
    status:
      code: 200
      message: OK
    headers:
      Server:
      - nginx
      Date:
      - Tue, 01 Aug 2023 18:36:27 GMT
      Content-Type:
      - application/json
      Content-Length:
      - '773'
      Connection:
      - keep-alive
      Access-Control-Allow-Credentials:
      - 'true'
      Access-Control-Allow-Methods:
      - GET, POST, HEAD, OPTIONS, DELETE
      Access-Control-Allow-Origin:
      - "*"
      Access-Control-Expose-Headers:
      - Request-Id, Stripe-Manage-Version, X-Stripe-External-Auth-Required, X-Stripe-Privileged-Session-Required
      Access-Control-Max-Age:
      - '300'
      Cache-Control:
      - no-cache, no-store
      Idempotency-Key:
      - 0ca9e8ce-5594-4d84-a3df-957377a4714b
      Original-Request:
      - req_zaUuFEav1soEKX
      Request-Id:
      - req_zaUuFEav1soEKX
      Stripe-Account:
      - acct_15uapDIsgf92XbAO
      Stripe-Should-Retry:
      - 'false'
      Stripe-Version:
      - '2020-08-27'
      X-Stripe-Routing-Context-Priority-Tier:
      - api-testmode
      Strict-Transport-Security:
      - max-age=63072000; includeSubDomains; preload
    body:
      encoding: UTF-8
      string: |-
        {
          "id": "prod_ON7gxAVAQZqh96",
          "object": "product",
          "active": true,
          "attributes": [],
          "created": 1690914983,
          "default_price": null,
          "description": "Best subscription ever.",
          "identifiers": {},
          "images": [],
          "livemode": false,
          "metadata": {
            "metadata_key_1": "metadata_value_1",
            "salesforce_product2_id": "01t7e000009AnKMAA0",
            "salesforce_product2_link": "https://ability-innovation-7335-dev-ed.scratch.my.salesforce.com/01t7e000009AnKMAA0"
          },
          "name": "Gold Subscription 2",
          "package_dimensions": null,
          "product_class": null,
          "shippable": true,
          "sku": "gold-subscription-65",
          "statement_descriptor": "Gold Sub",
          "tax_code": "txcd_99999999",
          "type": "service",
          "unit_label": null,
          "updated": 1690914987,
          "url": null
        }
  recorded_at: Tue, 01 Aug 2023 00:00:00 GMT
- request:
    method: patch
    uri: https://platform-page-3481-dev-ed.scratch.my.salesforce.com/services/data/v58.0/sobjects/Sync_Record__c/Compound_ID__c/01t7e000009AnKMAA0-01t7e000009AnKMAA0
    body:
      encoding: UTF-8
      string: '{"Primary_Record_ID__c":"01t7e000009AnKMAA0","Primary_Object_Type__c":"Product2","Secondary_Record_ID__c":"01t7e000009AnKMAA0","Secondary_Object_Type__c":"Product2","Resolution_Message__c":"Created
        Stripe Product with Id: prod_ON7gxAVAQZqh96","Resolution_Status__c":"Success","Resolution_Documentation_Link__c":"https://stripe.com/docs/connectors/salesforce-cpq/overview","Stripe_Request_Dashboard_Link__c":"https://dashboard.stripe.com/test/logs/req_KOaGmGxBzec5dF"}'
    headers:
      User-Agent:
      - Faraday v2.4.0
      Content-Type:
      - application/json
      Authorization:
      - OAuth <SALESFORCE_ACCESS_TOKEN>
      Accept-Encoding:
      - gzip;q=1.0,deflate;q=0.6,identity;q=0.3
      Accept:
      - "*/*"
  response:
    status:
      code: 201
      message: Created
    headers:
      Date:
      - Wed, 11 Oct 2023 17:14:04 GMT
      Set-Cookie:
      - BrowserId=lBWqx2hZEe6eDzXI4aecJg; domain=.salesforce.com; path=/; expires=Thu,
        10-Oct-2024 17:14:04 GMT; Max-Age=31536000
      - CookieConsentPolicy=0:1; path=/; expires=Thu, 10-Oct-2024 17:14:04 GMT; Max-Age=31536000
      - LSKey-c$CookieConsentPolicy=0:1; path=/; expires=Thu, 10-Oct-2024 17:14:04
        GMT; Max-Age=31536000
      Strict-Transport-Security:
      - max-age=63072000; includeSubDomains
      X-Content-Type-Options:
      - nosniff
      X-Xss-Protection:
      - 1; mode=block
      X-Robots-Tag:
      - none
      Cache-Control:
      - no-cache,must-revalidate,max-age=0,no-store,private
      Sforce-Limit-Info:
      - api-usage=453/5000000
      Location:
      - "/services/data/v58.0/sobjects/Sync_Record__c/a1W8N000000OCzhUAG"
      Content-Type:
      - application/json;charset=UTF-8
      Transfer-Encoding:
      - chunked
    body:
      encoding: UTF-8
      string: '{"id":"a1W8N000000OCzhUAG","success":true,"errors":[],"created":true}'
  recorded_at: Tue, 01 Aug 2023 00:00:00 GMT
recorded_with: VCR 6.2.0
